[2026-05-24 00:55:11] 【触发动作】试图刷新表格: orders
  ✅【成功】消息已成功送入 Redis！订阅者接收数量: 1
[2026-05-24 00:58:52] 【触发动作】试图刷新表格: orders
  ✅【成功】消息已成功送入 Redis！订阅者接收数量: 1
[2026-05-24 00:59:12] 【触发动作】试图刷新表格: orders
  ✅【成功】消息已成功送入 Redis！订阅者接收数量: 1
[2026-05-24 01:28:58] 【触发动作】试图刷新表格: orders
  ✅【成功】消息已成功送入 Redis！订阅者接收数量: 1
[2026-05-24 02:59:18] 【触发动作】试图刷新表格: orders
  ✅【成功】消息已成功送入 Redis！订阅者接收数量: 1
[2026-05-24 02:59:26] 【触发动作】试图刷新表格: orders
  ✅【成功】消息已成功送入 Redis！订阅者接收数量: 1
[2026-05-24 03:03:53] 【触发动作】试图刷新表格: orders
  ✅【成功】消息已成功送入 Redis！订阅者接收数量: 1
[2026-05-24 03:04:44] 【触发动作】试图刷新表格: orders
  ✅【成功】消息已成功送入 Redis！订阅者接收数量: 1
[2026-05-24 03:06:12] 【触发动作】试图刷新表格: orders
  ✅【成功】消息已成功送入 Redis！订阅者接收数量: 1
[2026-05-24 03:06:18] 【触发动作】试图刷新表格: orders
  ✅【成功】消息已成功送入 Redis！订阅者接收数量: 1
[2026-05-24 03:06:23] 【触发动作】试图刷新表格: orders
  ✅【成功】消息已成功送入 Redis！订阅者接收数量: 1
[2026-05-24 03:06:35] 【触发动作】试图刷新表格: orders
  ✅【成功】消息已成功送入 Redis！订阅者接收数量: 1
[2026-05-24 03:07:21] 【触发动作】试图刷新表格: orders
  ✅【成功】消息已成功送入 Redis！订阅者接收数量: 1
[2026-05-24 03:10:30] 【触发动作】试图刷新表格: orders
  ✅【成功】消息已成功送入 Redis！订阅者接收数量: 1
[2026-05-24 03:10:30] 【触发动作】试图刷新表格: userOrder
  ✅【成功】消息已成功送入 Redis！订阅者接收数量: 1
[2026-05-24 03:10:36] 【触发动作】试图刷新表格: orders
  ✅【成功】消息已成功送入 Redis！订阅者接收数量: 1
[2026-05-24 03:10:36] 【触发动作】试图刷新表格: userOrder
  ✅【成功】消息已成功送入 Redis！订阅者接收数量: 1
[2026-05-24 03:10:41] 【触发动作】试图刷新表格: orders
  ✅【成功】消息已成功送入 Redis！订阅者接收数量: 1
[2026-05-24 03:10:41] 【触发动作】试图刷新表格: userOrder
  ✅【成功】消息已成功送入 Redis！订阅者接收数量: 1
[2026-05-24 03:11:35] 【触发动作】试图刷新表格: orders
  ✅【成功】消息已成功送入 Redis！订阅者接收数量: 1
[2026-05-24 03:14:06] 【触发动作】试图刷新表格: orders
  ✅【成功】消息已成功送入 Redis！订阅者接收数量: 1
[2026-05-24 03:14:06] 【触发动作】试图刷新表格: userOrder
  ✅【成功】消息已成功送入 Redis！订阅者接收数量: 1
[2026-05-24 03:15:44] 【触发动作】试图刷新表格: orders
  ✅【成功】消息已成功送入 Redis！订阅者接收数量: 1
[2026-05-24 03:15:44] 【触发动作】试图刷新表格: userOrder
  ✅【成功】消息已成功送入 Redis！订阅者接收数量: 1
[2026-05-24 03:15:59] 【触发动作】试图刷新表格: orders
  ✅【成功】消息已成功送入 Redis！订阅者接收数量: 1
[2026-05-24 03:15:59] 【触发动作】试图刷新表格: userOrder
  ✅【成功】消息已成功送入 Redis！订阅者接收数量: 1
[2026-05-24 03:16:05] 【触发动作】试图刷新表格: orders
  ✅【成功】消息已成功送入 Redis！订阅者接收数量: 1
[2026-05-24 03:16:05] 【触发动作】试图刷新表格: userOrder
  ✅【成功】消息已成功送入 Redis！订阅者接收数量: 1
[2026-05-24 03:34:45] 【触发动作】试图刷新表格: invites
  ✅【成功】消息已成功送入 Redis！订阅者接收数量: 1
[2026-05-24 04:05:21] 【触发动作】试图刷新表格: orders
  ✅【成功】消息已成功送入 Redis！订阅者接收数量: 1
[2026-05-24 04:05:21] 【触发动作】试图刷新表格: userOrder
  ✅【成功】消息已成功送入 Redis！订阅者接收数量: 1
[2026-05-24 04:20:43] 【触发动作】试图刷新表格: invites
  ✅【成功】消息已成功送入 Redis！订阅者接收数量: 1
[2026-05-24 04:29:35] 【触发动作】试图刷新表格: boosters
  ✅【成功】消息已成功送入 Redis！订阅者接收数量: 1
[2026-05-24 04:38:14] 【触发动作】试图刷新表格: boosters
  ✅【成功】消息已成功送入 Redis！订阅者接收数量: 1
[2026-05-24 04:42:58] 【触发动作】试图刷新表格: orders
  ✅【成功】消息已成功送入 Redis！订阅者接收数量: 1
[2026-05-24 04:42:58] 【触发动作】试图刷新表格: userOrder
  ✅【成功】消息已成功送入 Redis！订阅者接收数量: 1
[2026-05-24 04:48:47] 【触发动作】试图刷新表格: orders
  ✅【成功】消息已成功送入 Redis！订阅者接收数量: 1
[2026-05-24 04:48:48] 【触发动作】试图刷新表格: userOrder
  ✅【成功】消息已成功送入 Redis！订阅者接收数量: 1
[2026-05-24 04:49:04] 【触发动作】试图刷新表格: orders
  ✅【成功】消息已成功送入 Redis！订阅者接收数量: 1
[2026-05-24 04:49:04] 【触发动作】试图刷新表格: boosterOrders
  ✅【成功】消息已成功送入 Redis！订阅者接收数量: 1
[2026-05-24 04:49:43] 【触发动作】试图刷新表格: boosterInvites
  ✅【成功】消息已成功送入 Redis！订阅者接收数量: 1
[2026-05-24 04:50:44] 【触发动作】试图刷新表格: orders
  ✅【成功】消息已成功送入 Redis！订阅者接收数量: 1
[2026-05-24 04:50:44] 【触发动作】试图刷新表格: userOrder
  ✅【成功】消息已成功送入 Redis！订阅者接收数量: 1
[2026-05-24 04:51:03] 【触发动作】试图刷新表格: disputes
  ✅【成功】消息已成功送入 Redis！订阅者接收数量: 1
[2026-05-24 04:51:03] 【触发动作】试图刷新表格: orders
  ✅【成功】消息已成功送入 Redis！订阅者接收数量: 1
[2026-05-24 04:51:03] 【触发动作】试图刷新表格: userOrder
  ✅【成功】消息已成功送入 Redis！订阅者接收数量: 1
[2026-05-24 04:51:38] 【触发动作】试图刷新表格: invites
  ✅【成功】消息已成功送入 Redis！订阅者接收数量: 1
[2026-05-24 05:12:49] 【触发动作】试图刷新表格: invites
  ✅【成功】消息已成功送入 Redis！订阅者接收数量: 1
[2026-05-24 05:13:23] 【触发动作】试图刷新表格: orders
  ✅【成功】消息已成功送入 Redis！订阅者接收数量: 1
[2026-05-24 05:13:23] 【触发动作】试图刷新表格: userOrder
  ✅【成功】消息已成功送入 Redis！订阅者接收数量: 1
[2026-05-24 05:14:59] 【触发动作】试图刷新表格: orders
  ✅【成功】消息已成功送入 Redis！订阅者接收数量: 1
[2026-05-24 05:14:59] 【触发动作】试图刷新表格: userOrder
  ✅【成功】消息已成功送入 Redis！订阅者接收数量: 1
[2026-05-24 05:16:27] 【触发动作】试图刷新表格: orders
  ✅【成功】消息已成功送入 Redis！订阅者接收数量: 1
[2026-05-24 05:16:27] 【触发动作】试图刷新表格: userOrder
  ✅【成功】消息已成功送入 Redis！订阅者接收数量: 1
[2026-05-24 05:19:46] 【触发动作】试图刷新表格: users
  ✅【成功】消息已成功送入 Redis！订阅者接收数量: 1
[2026-05-24 05:23:59] 【触发动作】试图刷新表格: users
  ✅【成功】消息已成功送入 Redis！订阅者接收数量: 1
[2026-05-24 05:29:05] 【触发动作】试图刷新表格: gameTypes
  ✅【成功】消息已成功送入 Redis！订阅者接收数量: 1
[2026-05-24 05:29:17] 【触发动作】试图刷新表格: gameTypes
  ✅【成功】消息已成功送入 Redis！订阅者接收数量: 1
[2026-05-24 05:34:18] 【触发动作】试图刷新表格: orders
  ✅【成功】消息已成功送入 Redis！订阅者接收数量: 1
[2026-05-24 05:34:18] 【触发动作】试图刷新表格: userOrder
  ✅【成功】消息已成功送入 Redis！订阅者接收数量: 1
[2026-05-24 05:44:40] 【触发动作】试图刷新表格: users
  ✅【成功】消息已成功送入 Redis！订阅者接收数量: 1
[2026-05-24 05:49:48] 【触发动作】试图刷新表格: users
  ✅【成功】消息已成功送入 Redis！订阅者接收数量: 1
[2026-05-24 05:50:33] 【触发动作】试图刷新表格: users
  ✅【成功】消息已成功送入 Redis！订阅者接收数量: 1
[2026-05-24 05:55:15] 【触发动作】试图刷新表格: users
  ✅【成功】消息已成功送入 Redis！订阅者接收数量: 1
[2026-05-24 05:56:49] 【触发动作】试图刷新表格: users
  ✅【成功】消息已成功送入 Redis！订阅者接收数量: 1
[2026-05-24 06:12:40] 【触发动作】试图刷新表格: boosters
  ✅【成功】消息已成功送入 Redis！订阅者接收数量: 1
[2026-05-24 06:13:14] 【触发动作】试图刷新表格: invites
  ✅【成功】消息已成功送入 Redis！订阅者接收数量: 1
[2026-05-24 06:20:31] 【触发动作】试图刷新表格: users
  ✅【成功】消息已成功送入 Redis！订阅者接收数量: 1
[2026-05-24 06:27:13] 【触发动作】试图刷新表格: levels
  ✅【成功】消息已成功送入 Redis！订阅者接收数量: 1
[2026-05-24 06:27:22] 【触发动作】试图刷新表格: levels
  ✅【成功】消息已成功送入 Redis！订阅者接收数量: 1
[2026-05-24 06:27:33] 【触发动作】试图刷新表格: levels
  ✅【成功】消息已成功送入 Redis！订阅者接收数量: 1
[2026-05-24 06:27:40] 【触发动作】试图刷新表格: levels
  ✅【成功】消息已成功送入 Redis！订阅者接收数量: 1
[2026-05-24 06:27:57] 【触发动作】试图刷新表格: boosters
  ✅【成功】消息已成功送入 Redis！订阅者接收数量: 1
[2026-05-24 06:28:26] 【触发动作】试图刷新表格: users
  ✅【成功】消息已成功送入 Redis！订阅者接收数量: 1
[2026-05-24 06:28:58] 【触发动作】试图刷新表格: users
  ✅【成功】消息已成功送入 Redis！订阅者接收数量: 1
[2026-05-24 06:29:01] 【触发动作】试图刷新表格: users
  ✅【成功】消息已成功送入 Redis！订阅者接收数量: 1
[2026-05-24 06:39:40] 【触发动作】试图刷新表格: gameTypes
  ✅【成功】消息已成功送入 Redis！订阅者接收数量: 1
[2026-05-24 06:39:45] 【触发动作】试图刷新表格: gameTypes
  ✅【成功】消息已成功送入 Redis！订阅者接收数量: 1
[2026-05-24 06:39:57] 【触发动作】试图刷新表格: admins
  ✅【成功】消息已成功送入 Redis！订阅者接收数量: 1
[2026-05-24 06:50:13] 【触发动作】试图刷新表格: users
  ✅【成功】消息已成功送入 Redis！订阅者接收数量: 1
[2026-05-24 06:50:24] 【触发动作】试图刷新表格: users
  ✅【成功】消息已成功送入 Redis！订阅者接收数量: 1
[2026-05-24 06:51:09] 【触发动作】试图刷新表格: boosters
  ✅【成功】消息已成功送入 Redis！订阅者接收数量: 1
[2026-05-24 06:51:27] 【触发动作】试图刷新表格: orders
  ✅【成功】消息已成功送入 Redis！订阅者接收数量: 1
[2026-05-24 06:51:28] 【触发动作】试图刷新表格: userOrder
  ✅【成功】消息已成功送入 Redis！订阅者接收数量: 1
[2026-05-24 06:51:46] 【触发动作】试图刷新表格: orders
  ✅【成功】消息已成功送入 Redis！订阅者接收数量: 1
[2026-05-24 06:51:46] 【触发动作】试图刷新表格: userOrder
  ✅【成功】消息已成功送入 Redis！订阅者接收数量: 1
[2026-05-24 06:53:54] 【触发动作】试图刷新表格: boosters
  ✅【成功】消息已成功送入 Redis！订阅者接收数量: 1
[2026-05-24 06:58:45] 【触发动作】试图刷新表格: boosters
  ✅【成功】消息已成功送入 Redis！订阅者接收数量: 1
[2026-05-24 06:58:52] 【触发动作】试图刷新表格: boosters
  ✅【成功】消息已成功送入 Redis！订阅者接收数量: 1
[2026-05-24 06:59:16] 【触发动作】试图刷新表格: users
  ✅【成功】消息已成功送入 Redis！订阅者接收数量: 1
[2026-05-24 06:59:32] 【触发动作】试图刷新表格: boosters
  ✅【成功】消息已成功送入 Redis！订阅者接收数量: 1
[2026-05-24 07:01:40] 【触发动作】试图刷新表格: orders
  ✅【成功】消息已成功送入 Redis！订阅者接收数量: 1
[2026-05-24 07:01:40] 【触发动作】试图刷新表格: boosterOrders
  ✅【成功】消息已成功送入 Redis！订阅者接收数量: 1
[2026-05-24 07:04:02] 【触发动作】试图刷新表格: orders
  ✅【成功】消息已成功送入 Redis！订阅者接收数量: 1
[2026-05-24 07:04:02] 【触发动作】试图刷新表格: userOrder
  ✅【成功】消息已成功送入 Redis！订阅者接收数量: 1
[2026-05-24 07:04:43] 【触发动作】试图刷新表格: orders
  ✅【成功】消息已成功送入 Redis！订阅者接收数量: 1
[2026-05-24 07:04:43] 【触发动作】试图刷新表格: userOrder
  ✅【成功】消息已成功送入 Redis！订阅者接收数量: 1
[2026-05-24 07:04:50] 【触发动作】试图刷新表格: orders
  ✅【成功】消息已成功送入 Redis！订阅者接收数量: 1
[2026-05-24 07:04:50] 【触发动作】试图刷新表格: userOrder
  ✅【成功】消息已成功送入 Redis！订阅者接收数量: 1
[2026-05-24 12:46:15] 【触发动作】试图刷新表格: users
  ✅【成功】消息已成功送入 Redis！订阅者接收数量: 1
[2026-05-24 12:46:24] 【触发动作】试图刷新表格: users
  ✅【成功】消息已成功送入 Redis！订阅者接收数量: 1
[2026-05-24 12:56:39] 【触发动作】试图刷新表格: users
  ✅【成功】消息已成功送入 Redis！订阅者接收数量: 1
